╔════════════════════════════════════════════════════════════╗
║        Phase 0 Automated Verification Tests               ║
╚════════════════════════════════════════════════════════════╝

📊 Testing Database State...

✅ Scholarships table populated
   Count: 74
✅ Rubrics table populated
   Count: 34
✅ Embeddings table populated
   Count: 74

👤 Testing Profile API...

✅ Profile API responds
   Status: 200
✅ Returns student_id
   ID: 168993e9...
✅ Profile saved to database
✅ Demographic fields saved
   Gender: Female, Ethnicity: Asian

🎯 Testing Matches API...

✅ Matches API responds
   Status: 200
✅ Returns scholarship matches
   Count: 3
✅ Matches have scores
   First score: 0.4861

📋 Testing Rubric API...

✅ Rubric API responds
   Status: 200
✅ Returns rubric data
   Criteria: 6

🧹 Cleanup...
   Test profile deleted

╔════════════════════════════════════════════════════════════╗
║                    Test Summary                            ║
╚════════════════════════════════════════════════════════════╝

   Total Tests: 12
   Passed: 12
   Failed: 0
   Success Rate: 100.0%

   🎉 ALL TESTS PASSED! Phase 0 is complete.
