src/components/Header.tsx(10,3): error TS6133: 'X' is declared but its value is never read.
src/components/ui/label.tsx(2,33): error TS2307: Cannot find module '@radix-ui/react-label' or its corresponding type declarations.
src/routes/api/admin/students.ts(28,38): error TS2345: Argument of type '"/api/admin/students"' is not assignable to parameter of type 'keyof FileRoutesByPath | undefined'.
src/routes/api/plan.ts(130,15): error TS18047: 'existingPlans.rowCount' is possibly 'null'.
src/routes/api/revise.ts(41,38): error TS2345: Argument of type '"/api/revise"' is not assignable to parameter of type 'keyof FileRoutesByPath | undefined'.
src/routes/custom.tsx(28,38): error TS2345: Argument of type '"/custom"' is not assignable to parameter of type 'keyof FileRoutesByPath | undefined'.
src/routes/custom.tsx(241,11): error TS2769: No overload matches this call.
  Overload 1 of 2, '(input: string | URL | Request, init?: RequestInit | undefined): Promise<Response>', gave the following error.
    Type '{ 'admin-api-key': string; 'Content-Type': string; } | { 'admin-api-key'?: undefined; 'Content-Type': string; }' is not assignable to type 'HeadersInit | undefined'.
      Type '{ 'admin-api-key'?: undefined; 'Content-Type': string; }' is not assignable to type 'HeadersInit | undefined'.
        Type '{ 'admin-api-key'?: undefined; 'Content-Type': string; }' is not assignable to type 'undefined'.
  Overload 2 of 2, '(input: URL | RequestInfo, init?: RequestInit | undefined): Promise<Response>', gave the following error.
    Type '{ 'admin-api-key': string; 'Content-Type': string; } | { 'admin-api-key'?: undefined; 'Content-Type': string; }' is not assignable to type 'HeadersInit | undefined'.
      Type '{ 'admin-api-key'?: undefined; 'Content-Type': string; }' is not assignable to type 'HeadersInit | undefined'.
        Type '{ 'admin-api-key'?: undefined; 'Content-Type': string; }' is not assignable to type 'undefined'.
src/routes/essay/$id.tsx(51,10): error TS6133: 'error' is declared but its value is never read.
src/routes/index.tsx(13,9): error TS6133: 'navigate' is declared but its value is never read.
src/routes/onboarding.tsx(1,27): error TS6133: 'Link' is declared but its value is never read.
src/routes/onboarding.tsx(16,1): error TS6133: 'Label' is declared but its value is never read.
src/routes/scholarship/$id.tsx(130,10): error TS2451: Cannot redeclare block-scoped variable 'localTasks'.
src/routes/scholarship/$id.tsx(130,22): error TS2451: Cannot redeclare block-scoped variable 'setLocalTasks'.
src/routes/scholarship/$id.tsx(141,10): error TS2451: Cannot redeclare block-scoped variable 'localTasks'.
src/routes/scholarship/$id.tsx(141,22): error TS2451: Cannot redeclare block-scoped variable 'setLocalTasks'.
src/routes/scholarship/$id.tsx(315,7): error TS2448: Block-scoped variable 'scholarship' used before its declaration.
src/routes/scholarship/$id.tsx(315,7): error TS2454: Variable 'scholarship' is used before being assigned.
tmp-id.tsx(38,11): error TS2339: Property 'studentSummary' does not exist on type '{}'.
tmp-id.tsx(151,40): error TS2322: Type '{}' is not assignable to type 'ReactNode'.
